FROM: Jan Ceuleers <jan.ceuleers@computer.org>

Found UPS at /dev/usb/hid/hiddev0
hiddev driver version is 1.0.4
HID: vendor 0x51d product 0x2 version 0x106 app UPS
HID: bus: 1 devnum: 2 ifnum: 0
UPS HID device name: "APC Back-UPS ES 550 FW:828.D2.I USB FW:D2"
Battery Chemistry: "PbAc" (4)

InputReport 6
  Field 0, app UPS, phys PowerSummary
    Usage 0, APCStatusFlag = 8  0x8

InputReport 12
  Field 0, app UPS, phys PowerSummary
Exponent 0 lost.
    Usage 0, RemainingCapacity = 100 percent
  Field 1, app UPS, phys PowerSummary
    Usage 0, RunTimeToEmpty = 1755 Seconds

InputReport 22
  Field 0, app UPS, phys PowerSummary
    Usage 0, Charging = 0 
  Field 1, app UPS, phys PowerSummary
    Usage 0, Discharging = 0 
  Field 2, app UPS, phys PowerSummary
    Usage 0, ACPresent = 1 
  Field 3, app UPS, phys PowerSummary
    Usage 0, BatteryPresent = 1 
  Field 4, app UPS, phys PowerSummary
    Usage 0, BelowRemainingCapacityLimit = 0 
  Field 5, app UPS, phys PowerSummary
    Usage 0, ShutdownImminent = 0 
  Field 6, app UPS, phys PowerSummary
    Usage 0, RemainingTimeLimitExpired = 0 
  Field 7, app UPS, phys PowerSummary
    Usage 0, NeedReplacement = 0 
  Field 8, app UPS, phys PowerSummary
    Usage 0, Overload = 0 
  Field 9, app UPS, phys PowerSummary
    Usage 0, --- = 0 
    Usage 1, --- = 0 
    Usage 2, --- = 0 
    Usage 3, --- = 0 
    Usage 4, --- = 0 
    Usage 5, --- = 0 
    Usage 6, --- = 0 
    Usage 7, --- = 0 
    Usage 8, --- = 0 
    Usage 9, --- = 0 
    Usage 10, --- = 0 
    Usage 11, --- = 0 
    Usage 12, --- = 0 
    Usage 13, --- = 0 
    Usage 14, --- = 0 
    Usage 15, --- = 0 
    Usage 16, --- = 0 
    Usage 17, --- = 0 
    Usage 18, --- = 0 
    Usage 19, --- = 0 
    Usage 20, --- = 0 
    Usage 21, --- = 0 
    Usage 22, --- = 0 

FeatureReport 1
  Field 0, app UPS, phys PowerSummary
    Usage 0, iProduct = 1  Back-UPS ES 550 FW:828.D2.I USB FW:D2

FeatureReport 2
  Field 0, app UPS, phys PowerSummary
    Usage 0, iSerialNumber = 2  5B0649U02550  

FeatureReport 3
  Field 0, app UPS, phys PowerSummary
    Usage 0, iDeviceChemistry = 4  PbAc

FeatureReport 4
  Field 0, app UPS, phys PowerSummary
    Usage 0, iOEMInformation = 3  APC

FeatureReport 5
  Field 0, app UPS, phys PowerSummary
    Usage 0, Rechargeable = 1 

FeatureReport 6
  Field 0, app UPS, phys PowerSummary
    Usage 0, APCStatusFlag = 8  0x8

FeatureReport 7
  Field 0, app UPS, phys PowerSummary
    Usage 0, ManufactureDate = 13692  2006-11-28

FeatureReport 8
  Field 0, app UPS, phys PowerSummary
    Usage 0, ConfigVoltage = 1200 CentiVolts

FeatureReport 9
  Field 0, app UPS, phys PowerSummary
    Usage 0, Voltage = 1353 CentiVolts

FeatureReport 10
  Field 0, app UPS, phys PowerSummary
    Usage 0, iManufacturer = 3  APC

FeatureReport 11
  Field 0, app UPS, phys PowerSummary
Exponent 0 lost.
    Usage 0, CapacityMode = 2 percent

FeatureReport 12
  Field 0, app UPS, phys PowerSummary
Exponent 2 lost.
    Usage 0, RemainingCapacity = 100 percent
  Field 1, app UPS, phys PowerSummary
    Usage 0, RunTimeToEmpty = 1755 Seconds

FeatureReport 13
  Field 0, app UPS, phys PowerSummary
Exponent 0 lost.
    Usage 0, DesignCapacity = 100 percent

FeatureReport 14
  Field 0, app UPS, phys PowerSummary
Exponent 2 lost.
    Usage 0, FullChargeCapacity = 100 percent

FeatureReport 15
  Field 0, app UPS, phys PowerSummary
Exponent 2 lost.
    Usage 0, WarningCapacityLimit = 50 percent

FeatureReport 16
  Field 0, app UPS, phys PowerSummary
Exponent 2 lost.
    Usage 0, CapacityGranularity2 = 1 percent

FeatureReport 17
  Field 0, app UPS, phys PowerSummary
Exponent 2 lost.
    Usage 0, RemainingCapacityLimit = 10 percent

FeatureReport 18
  Field 0, app UPS, phys PowerSummary
Exponent 2 lost.
    Usage 0, CapacityGranularity1 = 1 percent

FeatureReport 22
  Field 0, app UPS, phys PowerSummary
    Usage 0, Charging = 0 
  Field 1, app UPS, phys PowerSummary
    Usage 0, Discharging = 0 
  Field 2, app UPS, phys PowerSummary
    Usage 0, ACPresent = 1 
  Field 3, app UPS, phys PowerSummary
    Usage 0, BatteryPresent = 1 
  Field 4, app UPS, phys PowerSummary
    Usage 0, BelowRemainingCapacityLimit = 0 
  Field 5, app UPS, phys PowerSummary
    Usage 0, ShutdownImminent = 0 
  Field 6, app UPS, phys PowerSummary
    Usage 0, RemainingTimeLimitExpired = 0 
  Field 7, app UPS, phys PowerSummary
    Usage 0, NeedReplacement = 0 
  Field 8, app UPS, phys PowerSummary
    Usage 0, Overload = 0 
  Field 9, app UPS, phys PowerSummary
    Usage 0, --- = 0 
    Usage 1, --- = 0 
    Usage 2, --- = 0 
    Usage 3, --- = 0 
    Usage 4, --- = 0 
    Usage 5, --- = 0 
    Usage 6, --- = 0 
    Usage 7, --- = 0 
    Usage 8, --- = 0 
    Usage 9, --- = 0 
    Usage 10, --- = 0 
    Usage 11, --- = 0 
    Usage 12, --- = 0 
    Usage 13, --- = 0 
    Usage 14, --- = 0 
    Usage 15, --- = 0 
    Usage 16, --- = 0 
    Usage 17, --- = 0 
    Usage 18, --- = 0 
    Usage 19, --- = 0 
    Usage 20, --- = 0 
    Usage 21, --- = 0 
    Usage 22, --- = 0 

FeatureReport 23
  Field 0, app UPS, phys PowerSummary
    Usage 0, RemainingTimeLimit = 120 Seconds

FeatureReport 24
  Field 0, app UPS, phys PowerSummary
    Usage 0, AudibleAlarmControl = 1 

FeatureReport 28
  Field 0, app UPS, phys Battery
    Usage 0, APCBattReplacementDate = 0  2000-00-00


FeatureReport 32
  Field 0, app UPS, phys Battery
    Usage 0, ManufactureDate = 13692  2006-11-28

FeatureReport 34
  Field 0, app UPS, phys Battery
Exponent 0 lost.
    Usage 0, RemainingCapacity = 100 percent

FeatureReport 35
  Field 0, app UPS, phys Battery
    Usage 0, RunTimeToEmpty = 1755 Seconds

FeatureReport 36
  Field 0, app UPS, phys Battery
    Usage 0, RemainingTimeLimit = 120 Seconds

FeatureReport 37
  Field 0, app UPS, phys Battery
    Usage 0, ConfigVoltage = 1200 CentiVolts

FeatureReport 38
  Field 0, app UPS, phys Battery
    Usage 0, Voltage = 1353 CentiVolts

FeatureReport 39
  Field 0, app UPS, phys Battery
    Usage 0, APC860024_?????? = 240 

FeatureReport 40
  Field 0, app UPS, phys Battery
    Usage 0, [ff860018] = 0 

FeatureReport 48
  Field 0, app UPS, phys Input
    Usage 0, ConfigVoltage = 230 Volts

FeatureReport 49
  Field 0, app UPS, phys Input
    Usage 0, Voltage = 230 Volts

FeatureReport 50
  Field 0, app UPS, phys Input
    Usage 0, LowVoltageTransfer = 190 Volts

FeatureReport 51
  Field 0, app UPS, phys Input
    Usage 0, HighVoltageTransfer = 260 Volts

FeatureReport 52
  Field 0, app UPS, phys Input
    Usage 0, APC860024_?????? = 128 

FeatureReport 53
  Field 0, app UPS, phys Input
    Usage 0, APC860061_?????? = 1 

FeatureReport 54
  Field 0, app UPS, phys Input
    Usage 0, APCLineFailCause = 0 

FeatureReport 64
  Field 0, app UPS, phys APCGeneralCollection
    Usage 0, APCForceShutdown = 0 

FeatureReport 65
  Field 0, app UPS, phys APCGeneralCollection
    Usage 0, APCDelayBeforeShutdown = -1 Seconds

FeatureReport 80
  Field 0, app UPS, phys PowerConverter
    Usage 0, PercentLoad = 14 

FeatureReport 81
  Field 0, app UPS, phys PowerConverter
    Usage 0, APC860024_?????? = 124 

FeatureReport 96
  Field 0, app UPS, phys [ff860001]
    Usage 0, APC860023_?????? = 0 

FeatureReport 97
  Field 0, app UPS, phys [ff860001]
    Usage 0, APC860026_?????? = 10 

FeatureReport 98
  Field 0, app UPS, phys [ff860001]
    Usage 0, APC860025_?????? = 0 

FeatureReport 127
  Field 0, app UPS, phys ---
    Usage 0, iProduct = 6  828.D2.I

FeatureReport 126
  Field 0, app UPS, phys ---
    Usage 0, APC_UPS_FirmwareRevision = 5 

FeatureReport 125
  Field 0, app UPS, phys ---
    Usage 0, iSerialNumber = 2  5B0649U02550  

FeatureReport 124
  Field 0, app UPS, phys ---
    Usage 0, iManufacturer = 3  APC

FeatureReport 123
  Field 0, app UPS, phys ---
    Usage 0, ManufactureDate = 13692  2006-11-28

FeatureReport 122
  Field 0, app UPS, phys ---
    Usage 0, Charging = 0 
  Field 1, app UPS, phys ---
    Usage 0, Discharging = 0 
  Field 2, app UPS, phys ---
    Usage 0, ACPresent = 1 
  Field 3, app UPS, phys ---
    Usage 0, BatteryPresent = 1 
  Field 4, app UPS, phys ---
    Usage 0, BelowRemainingCapacityLimit = 0 
  Field 5, app UPS, phys ---
    Usage 0, ShutdownImminent = 0 
  Field 6, app UPS, phys ---
    Usage 0, RemainingTimeLimitExpired = 0 
  Field 7, app UPS, phys ---
    Usage 0, NeedReplacement = 0 
  Field 8, app UPS, phys ---
    Usage 0, Overload = 0 
  Field 9, app UPS, phys ---
    Usage 0, --- = 0 
    Usage 1, --- = 0 
    Usage 2, --- = 0 
    Usage 3, --- = 0 
    Usage 4, --- = 0 
    Usage 5, --- = 0 
    Usage 6, --- = 0 
    Usage 7, --- = 0 
    Usage 8, --- = 0 
    Usage 9, --- = 0 
    Usage 10, --- = 0 
    Usage 11, --- = 0 
    Usage 12, --- = 0 
    Usage 13, --- = 0 
    Usage 14, --- = 0 
    Usage 15, --- = 0 
    Usage 16, --- = 0 
    Usage 17, --- = 0 
    Usage 18, --- = 0 
    Usage 19, --- = 0 
    Usage 20, --- = 0 
    Usage 21, --- = 0 
    Usage 22, --- = 0 

FeatureReport 121
  Field 0, app UPS, phys ---
    Usage 0, APCPanelTest = 0 

FeatureReport 120
  Field 0, app UPS, phys ---
    Usage 0, AudibleAlarmControl = 1 

Waiting for events ... (interrupt to exit)
